// Jest Snapshot v1, https://goo.gl/fbAQLP

exports[`Component ButtonComponent should render correctly 1`] = `
<styled.button
  onClick={[Function]}
  onKeyUp={[Function]}
  type="submit"
>
  mockTitle
</styled.button>
`;
