// Jest Snapshot v1, https://goo.gl/fbAQLP

exports[`Component SearchButton should render correctly 1`] = `
<ButtonComponent
  btnTitle="Search"
/>
`;
