// Jest Snapshot v1, https://goo.gl/fbAQLP

exports[`Component InfoSubTitle should render correctly 1`] = `
<StyledComponent
  forwardedComponent={
    Object {
      "$$typeof": Symbol(react.forward_ref),
      "attrs": Array [],
      "componentStyle": ComponentStyle {
        "componentId": "sc-bdVaJa",
        "isStatic": false,
        "rules": Array [
          "
  font-size: 16px;
  color: white;

  ",
          "
  @media (max-width: ",
          "768",
          "px) {
    ",
          "
    font-size: 14px;
  ",
          ";
  }
",
          ";

  ",
          "
  @media (max-width: ",
          "576",
          "px) {
    ",
          "
    font-size: 12px;
  ",
          ";
  }
",
          ";
",
        ],
      },
      "displayName": "styled.h5",
      "foldedComponentIds": Array [],
      "render": [Function],
      "styledComponentId": "sc-bdVaJa",
      "target": "h5",
      "toString": [Function],
      "warnTooManyClasses": [Function],
      "withComponent": [Function],
    }
  }
  forwardedRef={null}
/>
`;
