// Jest Snapshot v1, https://goo.gl/fbAQLP

exports[`Component NoMatch should render correct message 1`] = `"Sorry, Invalid address."`;
