// Jest Snapshot v1, https://goo.gl/fbAQLP

exports[`Component InputText should render correctly 1`] = `
<styled.input
  onChange={[Function]}
  onKeyUp={[Function]}
  type="text"
  value="mockInputValue"
/>
`;
