// Jest Snapshot v1, https://goo.gl/fbAQLP

exports[`Component with withErrorAndFetchingRoutePage should render correctly 1`] = `
<Fragment>
  <PageComponent />
</Fragment>
`;
