// Jest Snapshot v1, https://goo.gl/fbAQLP

exports[`Component InputTextContainer should render correctly 1`] = `
<InputText
  inputValue="mockSearchSelector"
/>
`;
